C:\Program Files\Microsoft Visual Studio\2022\Community\MSBuild\Microsoft\VC\v170\Microsoft.CppBuild.targets(1133,5): warning MSB4211: The property "GetTargetPathDependsOn" is being set to a value for the first time, but it was already consumed at "C:\Program Files\Microsoft Visual Studio\2022\Community\MSBuild\Current\Bin\amd64\Microsoft.Common.CurrentVersion.targets (2243,5)".
cl : command line  warning D9035: option 'Gm' has been deprecated and will be removed in a future release
  pa_x86_plain_converters.c
  pa_win_wdmks_utils.c
  pa_win_waveformat.c
  pa_win_util.c
  pa_win_hostapis.c
  pa_win_coinitialize.c
  pa_win_wmme.c
  pa_win_wdmks.c
  pa_win_wasapi.c
  pa_hostapi_skeleton.c
  pa_win_ds_dynlink.c
  pa_win_ds.c
  pa_trace.c
  pa_stream.c
  pa_ringbuffer.c
  pa_process.c
  pa_front.c
  pa_dither.c
  pa_debugprint.c
  pa_cpuload.c
  Generating Code...
  Compiling...
  pa_converters.c
  pa_allocation.c
  Generating Code...
cl : command line  warning D9035: option 'Gm' has been deprecated and will be removed in a future release
  pa_asio.cpp
  asiolist.cpp
  asiodrivers.cpp
C:\Users\nomas\source\repos\SpeakerDetection\deps\portaudio-19.7.0\src\hostapi\asio\ASIOSDK\host\pc\asiolist.cpp(70,31): warning C4267: 'argument': conversion from 'size_t' to 'DWORD', possible loss of data
C:\Users\nomas\source\repos\SpeakerDetection\deps\portaudio-19.7.0\src\hostapi\asio\ASIOSDK\host\pc\asiolist.cpp(77,33): warning C4267: 'argument': conversion from 'size_t' to 'DWORD', possible loss of data
  asio.cpp
  Generating Code...
C:\Program Files\Microsoft Visual Studio\2022\Community\MSBuild\Microsoft\VC\v170\Microsoft.CppBuild.targets(1402,5): warning MSB8012: TargetPath(C:\Users\nomas\source\repos\SpeakerDetection\deps\portaudio-19.7.0\build\msvc\x64\Debug\portaudio.dll) does not match the Linker's OutputFile property value (C:\Users\nomas\source\repos\SpeakerDetection\deps\portaudio-19.7.0\build\msvc\x64\Debug\portaudio_x64.dll). This may cause your project to build incorrectly. To correct this, please make sure that $(OutDir), $(TargetName) and $(TargetExt) property values match the value specified in %(Link.OutputFile).
C:\Program Files\Microsoft Visual Studio\2022\Community\MSBuild\Microsoft\VC\v170\Microsoft.CppBuild.targets(1404,5): warning MSB8012: TargetName(portaudio) does not match the Linker's OutputFile property value (portaudio_x64). This may cause your project to build incorrectly. To correct this, please make sure that $(OutDir), $(TargetName) and $(TargetExt) property values match the value specified in %(Link.OutputFile).
     Creating library x64\Debug\portaudio_x64.lib and object x64\Debug\portaudio_x64.exp
  portaudio.vcxproj -> C:\Users\nomas\source\repos\SpeakerDetection\deps\portaudio-19.7.0\build\msvc\x64\Debug\portaudio.dll
